{
  "doc_id": "SAMPLE-SPANBERGER-0001",
  "title": "Spanberger Hosts Jobs & Innovation Rally in Richmond",
  "date": "2024-10-12",
  "source": "fixture://sample_press_release",
  "primary_label_id": "ANN.EVT.RALLY",
  "score": 5.0
}
